[
  {
    "name" : "perpetual",
    "company" : "troegs brew"
  },
  {
    "name" : "even keel",
    "company" : "ballast point brew"
  },
  {
    "name" : "devotion",
    "company" : "lost abbey brew"
  },
  {
    "name" : "del's shandy",
    "company" : "narragansett"
  },
  {
    "name" : "grey lady",
    "company" : "cisco brew co"
  },
  {
    "name" : "peeper",
    "company" : "maine brew"
  },
  {
    "name" : "baba",
    "company" : "uinta brew"
  },
  {
    "name" : "bel-air sour",
    "company" : "brooklyn brew"
  }
]